2026-09-11 16:12:39+00:00 [Note] [Entrypoint]: Entrypoint script for MySQL Server 8.4.11-1.el9 started.
2026-09-11 16:12:39+00:00 [Note] [Entrypoint]: Switching to dedicated user 'mysql'
2026-09-11 16:12:39+00:00 [Note] [Entrypoint]: Entrypoint script for MySQL Server 8.4.11-1.el9 started.
2026-09-11 16:12:39+00:00 [Note] [Entrypoint]: Initializing database files
2026-09-11 16:12:41+00:00 [Note] [Entrypoint]: Database files initialized
2026-09-11 16:12:41+00:00 [Note] [Entrypoint]: Starting temporary server
2026-09-11 16:12:42+00:00 [Note] [Entrypoint]: Temporary server started.
'/var/lib/mysql/mysql.sock' -> '/var/run/mysqld/mysqld.sock'
2026-09-11 16:12:42+00:00 [Note] [Entrypoint]: Creating database mlvideo
2026-09-11 16:12:42+00:00 [Note] [Entrypoint]: Creating user mlvideo
2026-09-11 16:12:42+00:00 [Note] [Entrypoint]: Giving user mlvideo access to schema mlvideo

2026-09-11 16:12:42+00:00 [Note] [Entrypoint]: /usr/local/bin/docker-entrypoint.sh: running /docker-entrypoint-initdb.d/10-accounts.sql


2026-09-11 16:12:42+00:00 [Note] [Entrypoint]: Stopping temporary server
2026-09-11 16:12:43+00:00 [Note] [Entrypoint]: Temporary server stopped

2026-09-11 16:12:43+00:00 [Note] [Entrypoint]: MySQL init process done. Ready for start up.

2026-09-11T16:12:39.863324Z 0 [System] [MY-015017] [Server] MySQL Server Initialization - start.
2026-09-11T16:12:39.864356Z 0 [System] [MY-013169] [Server] /usr/sbin/mysqld (mysqld 8.4.11) initializing of server in progress as process 98
2026-09-11T16:12:39.867669Z 1 [System] [MY-013576] [InnoDB] InnoDB initialization has started.
2026-09-11T16:12:40.112132Z 1 [System] [MY-013577] [InnoDB] InnoDB initialization has ended.
2026-09-11T16:12:40.454992Z 6 [Warning] [MY-010453] [Server] root@localhost is created with an empty password ! Please consider switching off the --initialize-insecure option.
2026-09-11T16:12:41.875556Z 0 [System] [MY-015018] [Server] MySQL Server Initialization - end.
2026-09-11T16:12:41.911613Z 0 [System] [MY-015015] [Server] MySQL Server - start.
2026-09-11T16:12:42.032665Z 0 [System] [MY-010116] [Server] /usr/sbin/mysqld (mysqld 8.4.11) starting as process 242
2026-09-11T16:12:42.038253Z 1 [System] [MY-013576] [InnoDB] InnoDB initialization has started.
2026-09-11T16:12:42.149287Z 1 [System] [MY-013577] [InnoDB] InnoDB initialization has ended.
2026-09-11T16:12:42.256543Z 0 [Warning] [MY-010068] [Server] CA certificate ca.pem is self signed.
2026-09-11T16:12:42.256561Z 0 [System] [MY-013602] [Server] Channel mysql_main configured to support TLS. Encrypted connections are now supported for this channel.
2026-09-11T16:12:42.257680Z 0 [Warning] [MY-011810] [Server] Insecure configuration for --pid-file: Location '/var/run/mysqld' in the path is accessible to all OS users. Consider choosing a different directory.
2026-09-11T16:12:42.262231Z 0 [System] [MY-010931] [Server] /usr/sbin/mysqld: ready for connections. Version: '8.4.11'  socket: '/var/run/mysqld/mysqld.sock'  port: 0  MySQL Community Server - GPL.
2026-09-11T16:12:42.829627Z 14 [System] [MY-013172] [Server] Received SHUTDOWN from user root. Shutting down mysqld (Version: 8.4.11).
2026-09-11T16:12:43.739908Z 0 [System] [MY-010910] [Server] /usr/sbin/mysqld: Shutdown complete (mysqld 8.4.11)  MySQL Community Server - GPL.
2026-09-11T16:12:43.739918Z 0 [System] [MY-015016] [Server] MySQL Server - end.
2026-09-11T16:12:43.848252Z 0 [System] [MY-015015] [Server] MySQL Server - start.
2026-09-11T16:12:43.962821Z 0 [System] [MY-010116] [Server] /usr/sbin/mysqld (mysqld 8.4.11) starting as process 1
2026-09-11T16:12:43.965055Z 1 [System] [MY-013576] [InnoDB] InnoDB initialization has started.
2026-09-11T16:12:44.071967Z 1 [System] [MY-013577] [InnoDB] InnoDB initialization has ended.
2026-09-11T16:12:44.175940Z 0 [Warning] [MY-010068] [Server] CA certificate ca.pem is self signed.
2026-09-11T16:12:44.175957Z 0 [System] [MY-013602] [Server] Channel mysql_main configured to support TLS. Encrypted connections are now supported for this channel.
2026-09-11T16:12:44.177021Z 0 [Warning] [MY-011810] [Server] Insecure configuration for --pid-file: Location '/var/run/mysqld' in the path is accessible to all OS users. Consider choosing a different directory.
2026-09-11T16:12:44.182743Z 0 [System] [MY-010931] [Server] /usr/sbin/mysqld: ready for connections. Version: '8.4.11'  socket: '/var/run/mysqld/mysqld.sock'  port: 3306  MySQL Community Server - GPL.
